src/hooks/useCarrito.ts(3,28): error TS6133: 'tiendaId' is declared but its value is never read.
src/hooks/useCarrito.ts(4,19): error TS6133: 'setCarrito' is declared but its value is never read.
src/modules/dashboard/components/Forms/FormProduct.tsx(145,24): error TS2451: Cannot redeclare block-scoped variable 'agregarImagen'.
src/modules/dashboard/components/Forms/FormProduct.tsx(145,50): error TS2451: Cannot redeclare block-scoped variable 'subiendoImagen'.
src/modules/dashboard/components/Forms/FormProduct.tsx(146,24): error TS2451: Cannot redeclare block-scoped variable 'eliminarImagen'.
src/modules/dashboard/components/Forms/FormProduct.tsx(147,24): error TS2451: Cannot redeclare block-scoped variable 'crearVariante'.
src/modules/dashboard/components/Forms/FormProduct.tsx(147,50): error TS2451: Cannot redeclare block-scoped variable 'creandoVariante'.
src/modules/dashboard/components/Forms/FormProduct.tsx(148,24): error TS2451: Cannot redeclare block-scoped variable 'eliminarVariante'.
src/modules/dashboard/components/Forms/FormProduct.tsx(150,9): error TS2451: Cannot redeclare block-scoped variable 'handleSubirImagenExtra'.
src/modules/dashboard/components/Forms/FormProduct.tsx(158,10): error TS2451: Cannot redeclare block-scoped variable 'nuevaVariante'.
src/modules/dashboard/components/Forms/FormProduct.tsx(158,25): error TS2451: Cannot redeclare block-scoped variable 'setNuevaVariante'.
src/modules/dashboard/components/Forms/FormProduct.tsx(165,9): error TS2451: Cannot redeclare block-scoped variable 'handleCrearVariante'.
src/modules/dashboard/components/Forms/FormProduct.tsx(175,24): error TS2451: Cannot redeclare block-scoped variable 'agregarImagen'.
src/modules/dashboard/components/Forms/FormProduct.tsx(175,50): error TS2451: Cannot redeclare block-scoped variable 'subiendoImagen'.
src/modules/dashboard/components/Forms/FormProduct.tsx(176,24): error TS2451: Cannot redeclare block-scoped variable 'eliminarImagen'.
src/modules/dashboard/components/Forms/FormProduct.tsx(177,24): error TS2451: Cannot redeclare block-scoped variable 'crearVariante'.
src/modules/dashboard/components/Forms/FormProduct.tsx(177,50): error TS2451: Cannot redeclare block-scoped variable 'creandoVariante'.
src/modules/dashboard/components/Forms/FormProduct.tsx(178,24): error TS2451: Cannot redeclare block-scoped variable 'eliminarVariante'.
src/modules/dashboard/components/Forms/FormProduct.tsx(180,9): error TS2451: Cannot redeclare block-scoped variable 'handleSubirImagenExtra'.
src/modules/dashboard/components/Forms/FormProduct.tsx(188,10): error TS2451: Cannot redeclare block-scoped variable 'nuevaVariante'.
src/modules/dashboard/components/Forms/FormProduct.tsx(188,25): error TS2451: Cannot redeclare block-scoped variable 'setNuevaVariante'.
src/modules/dashboard/components/Forms/FormProduct.tsx(195,9): error TS2451: Cannot redeclare block-scoped variable 'handleCrearVariante'.
src/modules/templates/gorras/FormLogin.tsx(2,10): error TS2305: Module '"../../../hooks/useCliente"' has no exported member 'useLoginCliente'.
src/modules/templates/gorras/FormRegistro.tsx(23,11): error TS2339: Property 'mutate' does not exist on type '{ mutateAsync: () => Promise<void>; isPending: boolean; }'.
src/modules/templates/gorras/FormRegistro.tsx(24,32): error TS2769: No overload matches this call.
  Overload 1 of 4, '(names: readonly ("email" | "nombre" | "id" | "confirmar")[], defaultValue?: { id?: number | undefined; nombre?: string | undefined; email?: string | undefined; confirmar?: string | undefined; } | undefined): readonly (string | number)[]', gave the following error.
    Argument of type 'string' is not assignable to parameter of type 'readonly ("email" | "nombre" | "id" | "confirmar")[]'.
  Overload 2 of 4, '(name: "email" | "nombre" | "id" | "confirmar", defaultValue?: string | number | undefined): string | number', gave the following error.
    Argument of type '"password"' is not assignable to parameter of type '"email" | "nombre" | "id" | "confirmar"'.
  Overload 3 of 4, '(callback: WatchObserver<IClient & { confirmar: string; }>, defaultValues?: { id?: number | undefined; nombre?: string | undefined; email?: string | undefined; confirmar?: string | undefined; } | undefined): Subscription', gave the following error.
    Argument of type 'string' is not assignable to parameter of type 'WatchObserver<IClient & { confirmar: string; }>'.
src/modules/templates/gorras/FormRegistro.tsx(30,22): error TS2339: Property 'apellido' does not exist on type 'IClient & { confirmar: string; }'.
src/modules/templates/gorras/FormRegistro.tsx(32,22): error TS2339: Property 'telefono' does not exist on type 'IClient & { confirmar: string; }'.
src/modules/templates/gorras/FormRegistro.tsx(33,22): error TS2339: Property 'password' does not exist on type 'IClient & { confirmar: string; }'.
src/modules/templates/gorras/FormRegistro.tsx(65,54): error TS2339: Property 'apellido' does not exist on type 'FieldErrors<IClient & { confirmar: string; }>'.
src/modules/templates/gorras/FormRegistro.tsx(67,28): error TS2345: Argument of type '"apellido"' is not assignable to parameter of type '"email" | "nombre" | "id" | "confirmar"'.
src/modules/templates/gorras/FormRegistro.tsx(70,42): error TS2339: Property 'apellido' does not exist on type 'FieldErrors<IClient & { confirmar: string; }>'.
src/modules/templates/gorras/FormRegistro.tsx(88,52): error TS2339: Property 'telefono' does not exist on type 'FieldErrors<IClient & { confirmar: string; }>'.
src/modules/templates/gorras/FormRegistro.tsx(90,26): error TS2345: Argument of type '"telefono"' is not assignable to parameter of type '"email" | "nombre" | "id" | "confirmar"'.
src/modules/templates/gorras/FormRegistro.tsx(94,40): error TS2339: Property 'telefono' does not exist on type 'FieldErrors<IClient & { confirmar: string; }>'.
src/modules/templates/gorras/FormRegistro.tsx(98,54): error TS2339: Property 'password' does not exist on type 'FieldErrors<IClient & { confirmar: string; }>'.
src/modules/templates/gorras/FormRegistro.tsx(100,26): error TS2345: Argument of type '"password"' is not assignable to parameter of type '"email" | "nombre" | "id" | "confirmar"'.
src/modules/templates/gorras/FormRegistro.tsx(107,40): error TS2339: Property 'password' does not exist on type 'FieldErrors<IClient & { confirmar: string; }>'.
src/modules/templates/gorras/FormRegistro.tsx(115,32): error TS2367: This comparison appears to be unintentional because the types 'string' and 'readonly (string | number)[]' have no overlap.
src/modules/templates/gorras/ProductDetailView.tsx(2,28): error TS2307: Cannot find module '../../shared/MetodoIcons' or its corresponding type declarations.
src/modules/templates/gorras/TemplateGorras.tsx(125,30): error TS2339: Property 'cantidad' does not exist on type '{ items: never[]; total: number; }'.
src/modules/templates/gorras/TemplateGorras.tsx(130,30): error TS2554: Expected 0 arguments, but got 1.
src/modules/templates/gorras/TemplateGorras.tsx(302,48): error TS2554: Expected 0 arguments, but got 1.
src/modules/templates/gorras/TemplateGorras.tsx(303,42): error TS2554: Expected 0 arguments, but got 1.
src/modules/templates/urban/UrbanTiendzi.tsx(755,26): error TS2554: Expected 0 arguments, but got 1.
src/modules/templates/urban/UrbanTiendzi.tsx(773,20): error TS2554: Expected 0 arguments, but got 1.
